// Jest Snapshot v1, https://goo.gl/fbAQLP

exports[`Snapshot testing on App component 1`] = `null`;
